// Jest Snapshot v1, https://goo.gl/fbAQLP

exports[`App should render My App 1`] = `
<div
  id="app"
>
  <h1>
    My App
  </h1>
  <Component />
</div>
`;
